ATARI LINKM V6.4 LOAD MAP   15-JUN-83   15:48:53 
VX0:SNDAUX.LDA 

VX0:SNDAUX/L,VX7:SNDAUX/R=SNDGLB/C
SWVOC3,SWMUS,SNDAUD,SNDPM,SNDSPK,SNDAUX/C
SNFILL,SNDSUM

File Summary:
    Name	Title	Ident	Creation Date/Time   Langauge statistics
VX1:SNDGLB      SNDGLB          09-JUN-83  23:02:21  MAC69   
VX1:SWVOC3      SWVOC3          10-JUN-83  07:49:38  MAC69   
VX1:SWMUS       STAR            15-JUN-83  14:41:34  MAC69   
VX1:SNDAUD      SNDAUD          14-JUN-83  18:28:57  MAC69   
VX1:SNDPM       SNDPM           15-JUN-83  14:44:41  MAC69   
VX1:SNDSPK      SNDSPK          10-JUN-83  08:16:03  MAC69   
VX1:SNDAUX      SNDAUX          15-JUN-83  10:59:15  MAC69   
VX1:SNFILL      SOUND           14-JUN-83  17:22:15  MAC69   
VX1:SNDSUM      STAR            15-JUN-83  15:48:26  MAC69   

Section Summary:
 Name   Addr    Size    Attributes     References (Files):
. ABS.  0000    4002    ABS,OVR      SNDGLB  SNDAUD  SNDPM   SNDSPK  SNDAUX  
VOCABU  4002    18E3    REL,OVR      SWVOC3  
        58E5    0F74    REL,CON      SWMUS   
AUD     6859    0C54    REL,OVR      SNDAUD  
SNDPTR  74AD    002E    REL,OVR      SNDAUD  
TVC     74DB    01CC    REL,OVR      SNDPM   
RPM     76A7    04BE    REL,OVR      SNDPM   
SPK     7B65    01DF    REL,OVR      SNDSPK  
MAIN    7D44    021D    REL,OVR      SNDAUX  
PBX     7F61    0078    REL,OVR      SNDAUX  
FILLER  7FD9    0017    REL,OVR      SNFILL  
CHKSUM  7FF0    0000    REL,OVR      SNDSUM  

Global Symbol Summary:
 Name	Value    References (Files):
AUDCR   7401     SNDAUD# SNDAUX  
AUDDF   73F5     SNDAUD# SNDAUX  
AUDDO   746A     SNDAUD# SNDAUX  
AUDDR   740D     SNDAUD# SNDAUX  
AUDNAY  7435     SNDAUD# SNDAUX  
AUDNEW  7443     SNDAUD# 
AUDPB   73C5     SNDAUD# SNDAUX  
AUDPBZ  73CB     SNDAUD# SNDAUX  
AUDPF   73D7     SNDAUD# SNDAUX  
AUDPH   7419     SNDAUD# SNDAUX  
AUDPS   73FB     SNDAUD# SNDAUX  
AUDRAM  2100     SNDGLB# SNDAUD# SNDPM#  SNDSPK# SNDAUX# 
AUDRC   7407     SNDAUD# SNDAUX  
AUDRD   73B7     SNDAUD# SNDAUX  
AUDRS   7420     SNDAUD# SNDAUX  
AUDRY   73B0     SNDAUD# SNDAUX  
AUDSH   73D1     SNDAUD# SNDAUX  
AUDSS   7413     SNDAUD# SNDAUX  
AUDSX   73EF     SNDAUD# SNDAUX  
AUDTC   73E3     SNDAUD# SNDAUX  
AUDTCZ  73E9     SNDAUD# SNDAUX  
AUDTH   7427     SNDAUD# SNDAUX  
AUDTL   73DD     SNDAUD# SNDAUX  
ATARI LINKM V6.4 LOAD MAP   15-JUN-83   15:48:53 
VX0:SNDAUX.LDA 

AUDTST  743C     SNDAUD# SNDAUX  
AUDXL   73BE     SNDAUD# SNDAUX  
AUDYEA  742E     SNDAUD# SNDAUX  
AU$EQ   0010     SNDAUD# 
AU$IZ   0005     SNDAUD# SNDAUX  
AU$PNT  0000     SNDAUD# SNDAUX  
AU$RPT  0003     SNDAUD# 
AU$SND  0004     SNDAUD# 
AU$TMR  0002     SNDAUD# 
AU.BLK  2101     SNDAUD# SNDAUX  
AU.SHF  2100     SNDAUD# 
CHKSM1  7FF0     SNDAUX# 
CKSUM0  4000     SNDGLB# 
CMD     2020     SNDAUX# 
CMDBTM  100D     SNDGLB# SNDAUX  
CMDTOP  100C     SNDGLB# SNDAUX  
CPYRHT  7FDC     SNFILL# 
DEVSYS  0000     SNDAUX# 
DG$VIB  0003     SNDAUX# 
DG.SEQ  100E     SNDGLB# SNDAUX  
DPRAM   1000     SNDGLB# SNDAUD# SNDPM#  SNDSPK# SNDAUX# 
DPRAMZ  1080     SNDGLB# SNDAUD# SNDPM#  SNDSPK# SNDAUX# 
DREF    1012     SNDGLB# SNDPM   
FASV    1010     SNDGLB# SNDPM   
FILL    7FD9     SNFILL# 
FIRQ    7E27     SNDAUX# 
IRQ     7DF3     SNDAUX# 
ISND    76A7     SNDPM#  SNDAUX  
NMI     7E27     SNDAUX# 
OPTR1   2200     SNDPM#  
OPTR2   2219     SNDPM#  
OPTR3   2232     SNDPM#  
OPTR4   224B     SNDPM#  
OPTR5   2264     SNDPM#  
OPTR6   227D     SNDPM#  
OPTR7   2296     SNDPM#  
OPTR8   22AF     SNDPM#  
PBX     7F61     SNDAUX# 
PBXZ    7FD9     SNDAUX# 
PBX$EQ  003C     SNDAUX# 
PBX$OK  005A     SNDAUX# 
PGCKS0  BEE4     SNDGLB  SNDSUM# 
PGCKS1  35E9     SNDAUX  SNDSUM# 
PKCUT1  7706     SNDPM#  
PKCUT2  770A     SNDPM#  
PKCUT3  770E     SNDPM#  
PKCUT4  7712     SNDPM#  
PKCUT5  7716     SNDPM#  
PKCUT6  771A     SNDPM#  
PKCUT7  771E     SNDPM#  
PKCUT8  7722     SNDPM#  
PKDR    777C     SNDPM#  SNDAUX  
PKR1    1832     SNDPM#  
PKR2    183A     SNDPM#  
PMBEN   753C     SNDPM#  SNDAUX  
PMCNT   755D     SNDPM#  SNDAUX  
PMDAR   7665     SNDPM#  SNDAUX  
ATARI LINKM V6.4 LOAD MAP   15-JUN-83   15:48:53 
VX0:SNDAUX.LDA 

PMDES   7644     SNDPM#  SNDAUX  
PMEND   757E     SNDPM#  SNDAUX  
PMRAM   2200     SNDGLB# SNDAUD# SNDPM#  SNDSPK# SNDAUX# 
PMREB   759F     SNDPM#  SNDAUX  
PMRRP   75C0     SNDPM#  SNDAUX  
PMSF2   751B     SNDPM#  SNDAUX  
PMTHB   7623     SNDPM#  SNDAUX  
PMTH5   75E1     SNDPM#  SNDAUX  
PMTST   7686     SNDPM#  SNDAUX  
PM4TH   7602     SNDPM#  SNDAUX  
POKEY   1810     SNDPM#  
POKEY2  1818     SNDPM#  
POTGO1  1833     SNDPM#  
POTGO2  183B     SNDPM#  
PROG    4000     SNDGLB# SNDAUD# SNDPM#  SNDSPK# SNDAUX# 
P.ACT1  1820     SNDAUD# 
P.ACT2  1828     SNDAUD# 
P.BASE  1800     SNDAUD# 
P.BGN1  1827     SNDAUD# 
P.BGN2  182F     SNDAUD# 
P.POT   1800     SNDAUD# 
P.POTZ  1802     SNDAUD# 
P.POT0  1800     SNDAUD# 
P.POT1  1801     SNDAUD# 
P.PSW1  1820     SNDAUD# 
P.PSW2  1828     SNDAUD# 
P.PTG1  1823     SNDAUD# 
P.PTG2  182B     SNDAUD# 
P.RND1  1822     SNDAUD# 
P.RND2  182A     SNDAUD# 
P.SND   1800     SNDAUD# 
P.SNDZ  1810     SNDAUD# 
RAM     2000     SNDGLB# SNDAUD# SNDPM#  SNDSPK# SNDAUX# 
RAMZ    2800     SNDGLB# SNDAUD# SNDPM#  SNDSPK# SNDAUX# 
RCN     76E8     SNDPM#  
RCS     76DC     SNDPM#  
RESET   7D44     SNDAUX# 
ROM0    4000     SNDGLB# SNDAUD# SNDPM#  SNDSPK# SNDAUX# 
ROM1    6000     SNDGLB# SNDAUD# SNDPM#  SNDSPK# SNDAUX# 
SPKALW  7BAB     SNDSPK# SNDAUX  
SPKELE  7C0D     SNDSPK# SNDAUX  
SPKFOA  7BBA     SNDSPK# SNDAUX  
SPKFOR  7BB3     SNDSPK# SNDAUX  
SPKGRE  7C14     SNDSPK# SNDAUX  
SPKHAV  7BC2     SNDSPK# SNDAUX  
SPKHIT  7BDB     SNDSPK# SNDAUX  
SPKI    7C1B     SNDSPK# SNDAUX  
SPKIMO  7B7E     SNDSPK# SNDAUX  
SPKIRQ  7C5E     SNDSPK# SNDAUX  
SPKLET  7BFF     SNDSPK# SNDAUX  
SPKLOS  7BE3     SNDSPK# SNDAUX  
SPKRAM  2300     SNDGLB# SNDAUD# SNDPM#  SNDSPK# SNDAUX# 
SPKRED  7B65     SNDSPK# SNDAUX  
SPKREM  7BA3     SNDSPK# SNDAUX  
SPKRES  7C45     SNDSPK# SNDAUX  
SPKR2N  7BD4     SNDSPK# SNDAUX  
SPKR2T  7B6D     SNDSPK# SNDAUX  
ATARI LINKM V6.4 LOAD MAP   15-JUN-83   15:48:53 
VX0:SNDAUX.LDA 

SPKSHK  7BF1     SNDSPK# SNDAUX  
SPKSIZ  7C06     SNDSPK# SNDAUX  
SPKSKP  7C40     SNDSPK# SNDAUX  
SPKSTA  7BCB     SNDSPK# SNDAUX  
SPKSTR  7B90     SNDSPK# SNDAUX  
SPKTHI  7B76     SNDSPK# SNDAUX  
SPKTRU  7BF8     SNDSPK# SNDAUX  
SPKUSE  7B88     SNDSPK# SNDAUX  
SPKVTB  4002     SWVOC3# SNDSPK  
SPKVTZ  4062     SWVOC3# SNDSPK  
SPKWRM  7C4D     SNDSPK# 
SPKYAU  7B9A     SNDSPK# SNDAUX  
SP.BGN  1013     SNDGLB# SNDSPK  
SP.DLY  1015     SNDGLB# SNDSPK  SNDAUX  
SP.DOG  1016     SNDGLB# SNDSPK  
SP.END  1017     SNDGLB# SNDSPK  
SP.MES  1019     SNDGLB# SNDSPK  
SP.NXT  101B     SNDGLB# SNDSPK  
SP.QBT  101D     SNDGLB# SNDSPK  
SP.QTP  101E     SNDGLB# SNDSPK  
SP.RES  101F     SNDGLB# SNDSPK  
SP.STA  1020     SNDGLB# SNDSPK  SNDAUX  
SWI0    7E27     SNDAUX# 
SWI2    7E27     SNDAUX# 
SWI3    7E27     SNDAUX# 
SYNC    100B     SNDGLB# SNDAUX  
TESTBT  0010     SNDGLB# SNDAUD# SNDPM#  SNDSPK# SNDAUX# 
TESTON  100F     SNDGLB# SNDAUX  
TESTSW  1080     SNDGLB# SNDAUD# SNDPM#  SNDSPK# SNDAUX# 
TMPBLK  1001     SNDGLB# SNDAUX  
TSTRAM  2000     SNDGLB# SNDAUD# SNDPM#  SNDSPK# SNDAUX# 
TUNTAB  58E5     SWMUS#  SNDPM   
VIBOFF  6D08     SNDAUD# SNDAUX  
VIU     1011     SNDGLB# SNDPM   SNDAUX  
VIU1    2200     SNDPM#  
VIU2    2219     SNDPM#  
VIU3    2232     SNDPM#  
VIU4    224B     SNDPM#  
VIU5    2264     SNDPM#  
VIU6    227D     SNDPM#  
VIU7    2296     SNDPM#  
VIU8    22AF     SNDPM#  
VOICE   2200     SNDPM#  
VOICEZ  22C8     SNDPM#  
VSIZE   0019     SNDPM#  
$GARBG  1000     SNDGLB# SNDAUX  
$INTCT  100A     SNDGLB# SNDPM   SNDSPK  SNDAUX  
$INTHI  1009     SNDGLB# SNDAUX  

Low limit = 4000     High limit = 7FF0     
                                                                                                                                                                            